  Determining projects to restore...
D:\Git\NewsAggregator\NewsAggregator.Api\NewsAggregator.Api.csproj : warning NU1603: NewsAggregator.Api depends on AspNet.Security.OAuth.GitHub (>= 9.0.4) but AspNet.Security.OAuth.GitHub 9.0.4 was not found. AspNet.Security.OAuth.GitHub 9.1.0 was resolved instead. [D:\Git\NewsAggregator\NewsAggregator.sln]
  All projects are up-to-date for restore.
  NewsAggregator.Domain -> D:\Git\NewsAggregator\NewsAggregator.Domain\bin\Debug\net9.0\NewsAggregator.Domain.dll
  NewsAggregator.Application -> D:\Git\NewsAggregator\NewsAggregator.Application\bin\Debug\net9.0\NewsAggregator.Application.dll
D:\Git\NewsAggregator\NewsAggregator.Infrastructure\News\Services\NewsCrawlerService.cs(8,7): error CS0246: The type or namespace name 'HtmlAgilityPack' could not be found (are you missing a using directive or an assembly reference?) [D:\Git\NewsAggregator\NewsAggregator.Infrastructure\NewsAggregator.Infrastructure.csproj]
D:\Git\NewsAggregator\NewsAggregator.Infrastructure\TextToSpeech\Storage\MinioAudioStorageProvider.cs(9,7): error CS0246: The type or namespace name 'Minio' could not be found (are you missing a using directive or an assembly reference?) [D:\Git\NewsAggregator\NewsAggregator.Infrastructure\NewsAggregator.Infrastructure.csproj]
D:\Git\NewsAggregator\NewsAggregator.Infrastructure\TextToSpeech\Storage\MinioAudioStorageProvider.cs(10,7): error CS0246: The type or namespace name 'Minio' could not be found (are you missing a using directive or an assembly reference?) [D:\Git\NewsAggregator\NewsAggregator.Infrastructure\NewsAggregator.Infrastructure.csproj]
D:\Git\NewsAggregator\NewsAggregator.Infrastructure\TextToSpeech\Storage\MinioAudioStorageProvider.cs(11,7): error CS0246: The type or namespace name 'Minio' could not be found (are you missing a using directive or an assembly reference?) [D:\Git\NewsAggregator\NewsAggregator.Infrastructure\NewsAggregator.Infrastructure.csproj]
D:\Git\NewsAggregator\NewsAggregator.Infrastructure\News\Providers\AssociatedPressProvider.cs(33,90): warning CS8625: Cannot convert null literal to non-nullable reference type. [D:\Git\NewsAggregator\NewsAggregator.Infrastructure\NewsAggregator.Infrastructure.csproj]
D:\Git\NewsAggregator\NewsAggregator.Infrastructure\Data\Repositories\NewsCategoryRepository.cs(12,43): error CS0535: 'NewsCategoryRepository' does not implement interface member 'INewsCategoryRepository.GetActiveAsync()' [D:\Git\NewsAggregator\NewsAggregator.Infrastructure\NewsAggregator.Infrastructure.csproj]
D:\Git\NewsAggregator\NewsAggregator.Infrastructure\Data\Repositories\NewsCategoryRepository.cs(12,43): error CS0535: 'NewsCategoryRepository' does not implement interface member 'INewsCategoryRepository.ExistsWithNameAsync(string)' [D:\Git\NewsAggregator\NewsAggregator.Infrastructure\NewsAggregator.Infrastructure.csproj]
D:\Git\NewsAggregator\NewsAggregator.Infrastructure\Data\Repositories\NewsCategoryRepository.cs(12,43): error CS0535: 'NewsCategoryRepository' does not implement interface member 'INewsCategoryRepository.ExistsWithSlugAsync(string)' [D:\Git\NewsAggregator\NewsAggregator.Infrastructure\NewsAggregator.Infrastructure.csproj]
D:\Git\NewsAggregator\NewsAggregator.Infrastructure\Data\Repositories\NewsCategoryRepository.cs(12,43): error CS0535: 'NewsCategoryRepository' does not implement interface member 'IRepository<NewsCategory>.AddAsync(NewsCategory)' [D:\Git\NewsAggregator\NewsAggregator.Infrastructure\NewsAggregator.Infrastructure.csproj]
D:\Git\NewsAggregator\NewsAggregator.Infrastructure\Data\Repositories\NewsCategoryRepository.cs(12,43): error CS0738: 'NewsCategoryRepository' does not implement interface member 'IRepository<NewsCategory>.UpdateAsync(NewsCategory)'. 'NewsCategoryRepository.UpdateAsync(NewsCategory)' cannot implement 'IRepository<NewsCategory>.UpdateAsync(NewsCategory)' because it does not have the matching return type of 'Task'. [D:\Git\NewsAggregator\NewsAggregator.Infrastructure\NewsAggregator.Infrastructure.csproj]
D:\Git\NewsAggregator\NewsAggregator.Infrastructure\Data\Repositories\NewsCategoryRepository.cs(12,43): error CS0535: 'NewsCategoryRepository' does not implement interface member 'IRepository<NewsCategory>.DeleteAsync(NewsCategory)' [D:\Git\NewsAggregator\NewsAggregator.Infrastructure\NewsAggregator.Infrastructure.csproj]
D:\Git\NewsAggregator\NewsAggregator.Infrastructure\News\Providers\AssociatedPressProvider.cs(45,101): warning CS8625: Cannot convert null literal to non-nullable reference type. [D:\Git\NewsAggregator\NewsAggregator.Infrastructure\NewsAggregator.Infrastructure.csproj]
D:\Git\NewsAggregator\NewsAggregator.Infrastructure\News\Providers\AssociatedPressProvider.cs(103,111): warning CS8625: Cannot convert null literal to non-nullable reference type. [D:\Git\NewsAggregator\NewsAggregator.Infrastructure\NewsAggregator.Infrastructure.csproj]
D:\Git\NewsAggregator\NewsAggregator.Infrastructure\News\Providers\GuardianNewsProvider.cs(14,41): error CS0535: 'GuardianNewsProvider' does not implement interface member 'INewsProvider.GetLatestNewsAsync(string, int)' [D:\Git\NewsAggregator\NewsAggregator.Infrastructure\NewsAggregator.Infrastructure.csproj]
D:\Git\NewsAggregator\NewsAggregator.Infrastructure\News\Providers\GuardianNewsProvider.cs(14,41): error CS0535: 'GuardianNewsProvider' does not implement interface member 'INewsProvider.SearchNewsAsync(string, string, int)' [D:\Git\NewsAggregator\NewsAggregator.Infrastructure\NewsAggregator.Infrastructure.csproj]
D:\Git\NewsAggregator\NewsAggregator.Infrastructure\News\Services\DeepSeekCategoryClassificationService.cs(35,129): warning CS8625: Cannot convert null literal to non-nullable reference type. [D:\Git\NewsAggregator\NewsAggregator.Infrastructure\NewsAggregator.Infrastructure.csproj]
D:\Git\NewsAggregator\NewsAggregator.Infrastructure\News\Providers\GuardianNewsProvider.cs(36,111): warning CS8625: Cannot convert null literal to non-nullable reference type. [D:\Git\NewsAggregator\NewsAggregator.Infrastructure\NewsAggregator.Infrastructure.csproj]
D:\Git\NewsAggregator\NewsAggregator.Infrastructure\News\Services\NewsCategoryService.cs(34,77): error CS0246: The type or namespace name 'NewsProviderType' could not be found (are you missing a using directive or an assembly reference?) [D:\Git\NewsAggregator\NewsAggregator.Infrastructure\NewsAggregator.Infrastructure.csproj]
D:\Git\NewsAggregator\NewsAggregator.Infrastructure\News\Services\NewsCategoryService.cs(39,83): error CS0246: The type or namespace name 'NewsProviderType' could not be found (are you missing a using directive or an assembly reference?) [D:\Git\NewsAggregator\NewsAggregator.Infrastructure\NewsAggregator.Infrastructure.csproj]
D:\Git\NewsAggregator\NewsAggregator.Infrastructure\TextToSpeech\Storage\AzureBlobStorageProvider.cs(49,38): warning CS8625: Cannot convert null literal to non-nullable reference type. [D:\Git\NewsAggregator\NewsAggregator.Infrastructure\NewsAggregator.Infrastructure.csproj]
D:\Git\NewsAggregator\NewsAggregator.Infrastructure\News\Services\NewsCategoryService.cs(44,86): error CS0246: The type or namespace name 'NewsProviderType' could not be found (are you missing a using directive or an assembly reference?) [D:\Git\NewsAggregator\NewsAggregator.Infrastructure\NewsAggregator.Infrastructure.csproj]
D:\Git\NewsAggregator\NewsAggregator.Infrastructure\News\Providers\NewsApiProvider.cs(33,90): warning CS8625: Cannot convert null literal to non-nullable reference type. [D:\Git\NewsAggregator\NewsAggregator.Infrastructure\NewsAggregator.Infrastructure.csproj]
D:\Git\NewsAggregator\NewsAggregator.Infrastructure\News\Services\NewsCategoryService.cs(10,40): error CS0535: 'NewsCategoryService' does not implement interface member 'INewsCategoryService.GetByProviderTypeAsync(NewsProviderType)' [D:\Git\NewsAggregator\NewsAggregator.Infrastructure\NewsAggregator.Infrastructure.csproj]
D:\Git\NewsAggregator\NewsAggregator.Infrastructure\News\Services\NewsCategoryService.cs(10,40): error CS0535: 'NewsCategoryService' does not implement interface member 'INewsCategoryService.GetActiveByProviderTypeAsync(NewsProviderType)' [D:\Git\NewsAggregator\NewsAggregator.Infrastructure\NewsAggregator.Infrastructure.csproj]
D:\Git\NewsAggregator\NewsAggregator.Infrastructure\News\Services\NewsCategoryService.cs(10,40): error CS0535: 'NewsCategoryService' does not implement interface member 'INewsCategoryService.CreateAsync(string, string, NewsProviderType, string)' [D:\Git\NewsAggregator\NewsAggregator.Infrastructure\NewsAggregator.Infrastructure.csproj]
D:\Git\NewsAggregator\NewsAggregator.Infrastructure\News\Services\NewsCategoryService.cs(10,40): error CS0535: 'NewsCategoryService' does not implement interface member 'INewsCategoryService.UpdateAsync(Guid, string, string, string, bool)' [D:\Git\NewsAggregator\NewsAggregator.Infrastructure\NewsAggregator.Infrastructure.csproj]
D:\Git\NewsAggregator\NewsAggregator.Infrastructure\News\Services\NewsCategoryService.cs(10,40): error CS0738: 'NewsCategoryService' does not implement interface member 'INewsCategoryService.DeleteAsync(Guid)'. 'NewsCategoryService.DeleteAsync(Guid)' cannot implement 'INewsCategoryService.DeleteAsync(Guid)' because it does not have the matching return type of 'Task<bool>'. [D:\Git\NewsAggregator\NewsAggregator.Infrastructure\NewsAggregator.Infrastructure.csproj]
D:\Git\NewsAggregator\NewsAggregator.Infrastructure\News\Providers\NewsApiProvider.cs(46,101): warning CS8625: Cannot convert null literal to non-nullable reference type. [D:\Git\NewsAggregator\NewsAggregator.Infrastructure\NewsAggregator.Infrastructure.csproj]
D:\Git\NewsAggregator\NewsAggregator.Infrastructure\News\Providers\NewsApiProvider.cs(101,111): warning CS8625: Cannot convert null literal to non-nullable reference type. [D:\Git\NewsAggregator\NewsAggregator.Infrastructure\NewsAggregator.Infrastructure.csproj]
D:\Git\NewsAggregator\NewsAggregator.Infrastructure\News\Providers\ReutersNewsProvider.cs(27,90): warning CS8625: Cannot convert null literal to non-nullable reference type. [D:\Git\NewsAggregator\NewsAggregator.Infrastructure\NewsAggregator.Infrastructure.csproj]
D:\Git\NewsAggregator\NewsAggregator.Infrastructure\News\Providers\ReutersNewsProvider.cs(40,101): warning CS8625: Cannot convert null literal to non-nullable reference type. [D:\Git\NewsAggregator\NewsAggregator.Infrastructure\NewsAggregator.Infrastructure.csproj]
D:\Git\NewsAggregator\NewsAggregator.Infrastructure\News\Providers\ReutersNewsProvider.cs(81,111): warning CS8625: Cannot convert null literal to non-nullable reference type. [D:\Git\NewsAggregator\NewsAggregator.Infrastructure\NewsAggregator.Infrastructure.csproj]
D:\Git\NewsAggregator\NewsAggregator.Infrastructure\TextToSpeech\Storage\FileSystemAudioStorageProvider.cs(43,38): warning CS8625: Cannot convert null literal to non-nullable reference type. [D:\Git\NewsAggregator\NewsAggregator.Infrastructure\NewsAggregator.Infrastructure.csproj]
D:\Git\NewsAggregator\NewsAggregator.Infrastructure\TextToSpeech\Storage\MinioAudioStorageProvider.cs(22,26): error CS0246: The type or namespace name 'IMinioClient' could not be found (are you missing a using directive or an assembly reference?) [D:\Git\NewsAggregator\NewsAggregator.Infrastructure\NewsAggregator.Infrastructure.csproj]
D:\Git\NewsAggregator\NewsAggregator.Infrastructure\TextToSpeech\Storage\MinioAudioStorageProvider.cs(307,26): error CS0246: The type or namespace name 'IMinioClient' could not be found (are you missing a using directive or an assembly reference?) [D:\Git\NewsAggregator\NewsAggregator.Infrastructure\NewsAggregator.Infrastructure.csproj]
D:\Git\NewsAggregator\NewsAggregator.Infrastructure\TextToSpeech\Storage\MinioAudioStorageProvider.cs(312,34): error CS0246: The type or namespace name 'IMinioClient' could not be found (are you missing a using directive or an assembly reference?) [D:\Git\NewsAggregator\NewsAggregator.Infrastructure\NewsAggregator.Infrastructure.csproj]
D:\Git\NewsAggregator\NewsAggregator.Infrastructure\TextToSpeech\Storage\MinioAudioStorageProvider.cs(57,38): warning CS8625: Cannot convert null literal to non-nullable reference type. [D:\Git\NewsAggregator\NewsAggregator.Infrastructure\NewsAggregator.Infrastructure.csproj]
D:\Git\NewsAggregator\NewsAggregator.Infrastructure\News\Services\NewsService.cs(23,84): warning CS8625: Cannot convert null literal to non-nullable reference type. [D:\Git\NewsAggregator\NewsAggregator.Infrastructure\NewsAggregator.Infrastructure.csproj]
D:\Git\NewsAggregator\NewsAggregator.Infrastructure\News\Services\NewsService.cs(23,108): warning CS8625: Cannot convert null literal to non-nullable reference type. [D:\Git\NewsAggregator\NewsAggregator.Infrastructure\NewsAggregator.Infrastructure.csproj]
D:\Git\NewsAggregator\NewsAggregator.Infrastructure\News\Services\NewsService.cs(42,69): warning CS8625: Cannot convert null literal to non-nullable reference type. [D:\Git\NewsAggregator\NewsAggregator.Infrastructure\NewsAggregator.Infrastructure.csproj]
D:\Git\NewsAggregator\NewsAggregator.Infrastructure\News\Services\NewsService.cs(42,93): warning CS8625: Cannot convert null literal to non-nullable reference type. [D:\Git\NewsAggregator\NewsAggregator.Infrastructure\NewsAggregator.Infrastructure.csproj]
D:\Git\NewsAggregator\NewsAggregator.Infrastructure\News\Services\NewsService.cs(70,92): warning CS8625: Cannot convert null literal to non-nullable reference type. [D:\Git\NewsAggregator\NewsAggregator.Infrastructure\NewsAggregator.Infrastructure.csproj]
D:\Git\NewsAggregator\NewsAggregator.Infrastructure\News\Services\NewsService.cs(88,101): warning CS8625: Cannot convert null literal to non-nullable reference type. [D:\Git\NewsAggregator\NewsAggregator.Infrastructure\NewsAggregator.Infrastructure.csproj]
D:\Git\NewsAggregator\NewsAggregator.Infrastructure\News\Services\NewsService.cs(88,125): warning CS8625: Cannot convert null literal to non-nullable reference type. [D:\Git\NewsAggregator\NewsAggregator.Infrastructure\NewsAggregator.Infrastructure.csproj]
D:\Git\NewsAggregator\NewsAggregator.Infrastructure\News\Services\NewsService.cs(105,89): warning CS8625: Cannot convert null literal to non-nullable reference type. [D:\Git\NewsAggregator\NewsAggregator.Infrastructure\NewsAggregator.Infrastructure.csproj]
D:\Git\NewsAggregator\NewsAggregator.Infrastructure\News\Services\NewsService.cs(105,113): warning CS8625: Cannot convert null literal to non-nullable reference type. [D:\Git\NewsAggregator\NewsAggregator.Infrastructure\NewsAggregator.Infrastructure.csproj]
D:\Git\NewsAggregator\NewsAggregator.Infrastructure\TextToSpeech\Storage\SqlServerAudioStorageProvider.cs(41,38): warning CS8625: Cannot convert null literal to non-nullable reference type. [D:\Git\NewsAggregator\NewsAggregator.Infrastructure\NewsAggregator.Infrastructure.csproj]
D:\Git\NewsAggregator\NewsAggregator.Api\NewsAggregator.Api.csproj : warning NU1603: NewsAggregator.Api depends on AspNet.Security.OAuth.GitHub (>= 9.0.4) but AspNet.Security.OAuth.GitHub 9.0.4 was not found. AspNet.Security.OAuth.GitHub 9.1.0 was resolved instead.

Build FAILED.

D:\Git\NewsAggregator\NewsAggregator.Api\NewsAggregator.Api.csproj : warning NU1603: NewsAggregator.Api depends on AspNet.Security.OAuth.GitHub (>= 9.0.4) but AspNet.Security.OAuth.GitHub 9.0.4 was not found. AspNet.Security.OAuth.GitHub 9.1.0 was resolved instead. [D:\Git\NewsAggregator\NewsAggregator.sln]
D:\Git\NewsAggregator\NewsAggregator.Infrastructure\News\Providers\AssociatedPressProvider.cs(33,90): warning CS8625: Cannot convert null literal to non-nullable reference type. [D:\Git\NewsAggregator\NewsAggregator.Infrastructure\NewsAggregator.Infrastructure.csproj]
D:\Git\NewsAggregator\NewsAggregator.Infrastructure\News\Providers\AssociatedPressProvider.cs(45,101): warning CS8625: Cannot convert null literal to non-nullable reference type. [D:\Git\NewsAggregator\NewsAggregator.Infrastructure\NewsAggregator.Infrastructure.csproj]
D:\Git\NewsAggregator\NewsAggregator.Infrastructure\News\Providers\AssociatedPressProvider.cs(103,111): warning CS8625: Cannot convert null literal to non-nullable reference type. [D:\Git\NewsAggregator\NewsAggregator.Infrastructure\NewsAggregator.Infrastructure.csproj]
D:\Git\NewsAggregator\NewsAggregator.Infrastructure\News\Services\DeepSeekCategoryClassificationService.cs(35,129): warning CS8625: Cannot convert null literal to non-nullable reference type. [D:\Git\NewsAggregator\NewsAggregator.Infrastructure\NewsAggregator.Infrastructure.csproj]
D:\Git\NewsAggregator\NewsAggregator.Infrastructure\News\Providers\GuardianNewsProvider.cs(36,111): warning CS8625: Cannot convert null literal to non-nullable reference type. [D:\Git\NewsAggregator\NewsAggregator.Infrastructure\NewsAggregator.Infrastructure.csproj]
D:\Git\NewsAggregator\NewsAggregator.Infrastructure\TextToSpeech\Storage\AzureBlobStorageProvider.cs(49,38): warning CS8625: Cannot convert null literal to non-nullable reference type. [D:\Git\NewsAggregator\NewsAggregator.Infrastructure\NewsAggregator.Infrastructure.csproj]
D:\Git\NewsAggregator\NewsAggregator.Infrastructure\News\Providers\NewsApiProvider.cs(33,90): warning CS8625: Cannot convert null literal to non-nullable reference type. [D:\Git\NewsAggregator\NewsAggregator.Infrastructure\NewsAggregator.Infrastructure.csproj]
D:\Git\NewsAggregator\NewsAggregator.Infrastructure\News\Providers\NewsApiProvider.cs(46,101): warning CS8625: Cannot convert null literal to non-nullable reference type. [D:\Git\NewsAggregator\NewsAggregator.Infrastructure\NewsAggregator.Infrastructure.csproj]
D:\Git\NewsAggregator\NewsAggregator.Infrastructure\News\Providers\NewsApiProvider.cs(101,111): warning CS8625: Cannot convert null literal to non-nullable reference type. [D:\Git\NewsAggregator\NewsAggregator.Infrastructure\NewsAggregator.Infrastructure.csproj]
D:\Git\NewsAggregator\NewsAggregator.Infrastructure\News\Providers\ReutersNewsProvider.cs(27,90): warning CS8625: Cannot convert null literal to non-nullable reference type. [D:\Git\NewsAggregator\NewsAggregator.Infrastructure\NewsAggregator.Infrastructure.csproj]
D:\Git\NewsAggregator\NewsAggregator.Infrastructure\News\Providers\ReutersNewsProvider.cs(40,101): warning CS8625: Cannot convert null literal to non-nullable reference type. [D:\Git\NewsAggregator\NewsAggregator.Infrastructure\NewsAggregator.Infrastructure.csproj]
D:\Git\NewsAggregator\NewsAggregator.Infrastructure\News\Providers\ReutersNewsProvider.cs(81,111): warning CS8625: Cannot convert null literal to non-nullable reference type. [D:\Git\NewsAggregator\NewsAggregator.Infrastructure\NewsAggregator.Infrastructure.csproj]
D:\Git\NewsAggregator\NewsAggregator.Infrastructure\TextToSpeech\Storage\FileSystemAudioStorageProvider.cs(43,38): warning CS8625: Cannot convert null literal to non-nullable reference type. [D:\Git\NewsAggregator\NewsAggregator.Infrastructure\NewsAggregator.Infrastructure.csproj]
D:\Git\NewsAggregator\NewsAggregator.Infrastructure\TextToSpeech\Storage\MinioAudioStorageProvider.cs(57,38): warning CS8625: Cannot convert null literal to non-nullable reference type. [D:\Git\NewsAggregator\NewsAggregator.Infrastructure\NewsAggregator.Infrastructure.csproj]
D:\Git\NewsAggregator\NewsAggregator.Infrastructure\News\Services\NewsService.cs(23,84): warning CS8625: Cannot convert null literal to non-nullable reference type. [D:\Git\NewsAggregator\NewsAggregator.Infrastructure\NewsAggregator.Infrastructure.csproj]
D:\Git\NewsAggregator\NewsAggregator.Infrastructure\News\Services\NewsService.cs(23,108): warning CS8625: Cannot convert null literal to non-nullable reference type. [D:\Git\NewsAggregator\NewsAggregator.Infrastructure\NewsAggregator.Infrastructure.csproj]
D:\Git\NewsAggregator\NewsAggregator.Infrastructure\News\Services\NewsService.cs(42,69): warning CS8625: Cannot convert null literal to non-nullable reference type. [D:\Git\NewsAggregator\NewsAggregator.Infrastructure\NewsAggregator.Infrastructure.csproj]
D:\Git\NewsAggregator\NewsAggregator.Infrastructure\News\Services\NewsService.cs(42,93): warning CS8625: Cannot convert null literal to non-nullable reference type. [D:\Git\NewsAggregator\NewsAggregator.Infrastructure\NewsAggregator.Infrastructure.csproj]
D:\Git\NewsAggregator\NewsAggregator.Infrastructure\News\Services\NewsService.cs(70,92): warning CS8625: Cannot convert null literal to non-nullable reference type. [D:\Git\NewsAggregator\NewsAggregator.Infrastructure\NewsAggregator.Infrastructure.csproj]
D:\Git\NewsAggregator\NewsAggregator.Infrastructure\News\Services\NewsService.cs(88,101): warning CS8625: Cannot convert null literal to non-nullable reference type. [D:\Git\NewsAggregator\NewsAggregator.Infrastructure\NewsAggregator.Infrastructure.csproj]
D:\Git\NewsAggregator\NewsAggregator.Infrastructure\News\Services\NewsService.cs(88,125): warning CS8625: Cannot convert null literal to non-nullable reference type. [D:\Git\NewsAggregator\NewsAggregator.Infrastructure\NewsAggregator.Infrastructure.csproj]
D:\Git\NewsAggregator\NewsAggregator.Infrastructure\News\Services\NewsService.cs(105,89): warning CS8625: Cannot convert null literal to non-nullable reference type. [D:\Git\NewsAggregator\NewsAggregator.Infrastructure\NewsAggregator.Infrastructure.csproj]
D:\Git\NewsAggregator\NewsAggregator.Infrastructure\News\Services\NewsService.cs(105,113): warning CS8625: Cannot convert null literal to non-nullable reference type. [D:\Git\NewsAggregator\NewsAggregator.Infrastructure\NewsAggregator.Infrastructure.csproj]
D:\Git\NewsAggregator\NewsAggregator.Infrastructure\TextToSpeech\Storage\SqlServerAudioStorageProvider.cs(41,38): warning CS8625: Cannot convert null literal to non-nullable reference type. [D:\Git\NewsAggregator\NewsAggregator.Infrastructure\NewsAggregator.Infrastructure.csproj]
D:\Git\NewsAggregator\NewsAggregator.Api\NewsAggregator.Api.csproj : warning NU1603: NewsAggregator.Api depends on AspNet.Security.OAuth.GitHub (>= 9.0.4) but AspNet.Security.OAuth.GitHub 9.0.4 was not found. AspNet.Security.OAuth.GitHub 9.1.0 was resolved instead.
D:\Git\NewsAggregator\NewsAggregator.Infrastructure\News\Services\NewsCrawlerService.cs(8,7): error CS0246: The type or namespace name 'HtmlAgilityPack' could not be found (are you missing a using directive or an assembly reference?) [D:\Git\NewsAggregator\NewsAggregator.Infrastructure\NewsAggregator.Infrastructure.csproj]
D:\Git\NewsAggregator\NewsAggregator.Infrastructure\TextToSpeech\Storage\MinioAudioStorageProvider.cs(9,7): error CS0246: The type or namespace name 'Minio' could not be found (are you missing a using directive or an assembly reference?) [D:\Git\NewsAggregator\NewsAggregator.Infrastructure\NewsAggregator.Infrastructure.csproj]
D:\Git\NewsAggregator\NewsAggregator.Infrastructure\TextToSpeech\Storage\MinioAudioStorageProvider.cs(10,7): error CS0246: The type or namespace name 'Minio' could not be found (are you missing a using directive or an assembly reference?) [D:\Git\NewsAggregator\NewsAggregator.Infrastructure\NewsAggregator.Infrastructure.csproj]
D:\Git\NewsAggregator\NewsAggregator.Infrastructure\TextToSpeech\Storage\MinioAudioStorageProvider.cs(11,7): error CS0246: The type or namespace name 'Minio' could not be found (are you missing a using directive or an assembly reference?) [D:\Git\NewsAggregator\NewsAggregator.Infrastructure\NewsAggregator.Infrastructure.csproj]
D:\Git\NewsAggregator\NewsAggregator.Infrastructure\Data\Repositories\NewsCategoryRepository.cs(12,43): error CS0535: 'NewsCategoryRepository' does not implement interface member 'INewsCategoryRepository.GetActiveAsync()' [D:\Git\NewsAggregator\NewsAggregator.Infrastructure\NewsAggregator.Infrastructure.csproj]
D:\Git\NewsAggregator\NewsAggregator.Infrastructure\Data\Repositories\NewsCategoryRepository.cs(12,43): error CS0535: 'NewsCategoryRepository' does not implement interface member 'INewsCategoryRepository.ExistsWithNameAsync(string)' [D:\Git\NewsAggregator\NewsAggregator.Infrastructure\NewsAggregator.Infrastructure.csproj]
D:\Git\NewsAggregator\NewsAggregator.Infrastructure\Data\Repositories\NewsCategoryRepository.cs(12,43): error CS0535: 'NewsCategoryRepository' does not implement interface member 'INewsCategoryRepository.ExistsWithSlugAsync(string)' [D:\Git\NewsAggregator\NewsAggregator.Infrastructure\NewsAggregator.Infrastructure.csproj]
D:\Git\NewsAggregator\NewsAggregator.Infrastructure\Data\Repositories\NewsCategoryRepository.cs(12,43): error CS0535: 'NewsCategoryRepository' does not implement interface member 'IRepository<NewsCategory>.AddAsync(NewsCategory)' [D:\Git\NewsAggregator\NewsAggregator.Infrastructure\NewsAggregator.Infrastructure.csproj]
D:\Git\NewsAggregator\NewsAggregator.Infrastructure\Data\Repositories\NewsCategoryRepository.cs(12,43): error CS0738: 'NewsCategoryRepository' does not implement interface member 'IRepository<NewsCategory>.UpdateAsync(NewsCategory)'. 'NewsCategoryRepository.UpdateAsync(NewsCategory)' cannot implement 'IRepository<NewsCategory>.UpdateAsync(NewsCategory)' because it does not have the matching return type of 'Task'. [D:\Git\NewsAggregator\NewsAggregator.Infrastructure\NewsAggregator.Infrastructure.csproj]
D:\Git\NewsAggregator\NewsAggregator.Infrastructure\Data\Repositories\NewsCategoryRepository.cs(12,43): error CS0535: 'NewsCategoryRepository' does not implement interface member 'IRepository<NewsCategory>.DeleteAsync(NewsCategory)' [D:\Git\NewsAggregator\NewsAggregator.Infrastructure\NewsAggregator.Infrastructure.csproj]
D:\Git\NewsAggregator\NewsAggregator.Infrastructure\News\Providers\GuardianNewsProvider.cs(14,41): error CS0535: 'GuardianNewsProvider' does not implement interface member 'INewsProvider.GetLatestNewsAsync(string, int)' [D:\Git\NewsAggregator\NewsAggregator.Infrastructure\NewsAggregator.Infrastructure.csproj]
D:\Git\NewsAggregator\NewsAggregator.Infrastructure\News\Providers\GuardianNewsProvider.cs(14,41): error CS0535: 'GuardianNewsProvider' does not implement interface member 'INewsProvider.SearchNewsAsync(string, string, int)' [D:\Git\NewsAggregator\NewsAggregator.Infrastructure\NewsAggregator.Infrastructure.csproj]
D:\Git\NewsAggregator\NewsAggregator.Infrastructure\News\Services\NewsCategoryService.cs(34,77): error CS0246: The type or namespace name 'NewsProviderType' could not be found (are you missing a using directive or an assembly reference?) [D:\Git\NewsAggregator\NewsAggregator.Infrastructure\NewsAggregator.Infrastructure.csproj]
D:\Git\NewsAggregator\NewsAggregator.Infrastructure\News\Services\NewsCategoryService.cs(39,83): error CS0246: The type or namespace name 'NewsProviderType' could not be found (are you missing a using directive or an assembly reference?) [D:\Git\NewsAggregator\NewsAggregator.Infrastructure\NewsAggregator.Infrastructure.csproj]
D:\Git\NewsAggregator\NewsAggregator.Infrastructure\News\Services\NewsCategoryService.cs(44,86): error CS0246: The type or namespace name 'NewsProviderType' could not be found (are you missing a using directive or an assembly reference?) [D:\Git\NewsAggregator\NewsAggregator.Infrastructure\NewsAggregator.Infrastructure.csproj]
D:\Git\NewsAggregator\NewsAggregator.Infrastructure\News\Services\NewsCategoryService.cs(10,40): error CS0535: 'NewsCategoryService' does not implement interface member 'INewsCategoryService.GetByProviderTypeAsync(NewsProviderType)' [D:\Git\NewsAggregator\NewsAggregator.Infrastructure\NewsAggregator.Infrastructure.csproj]
D:\Git\NewsAggregator\NewsAggregator.Infrastructure\News\Services\NewsCategoryService.cs(10,40): error CS0535: 'NewsCategoryService' does not implement interface member 'INewsCategoryService.GetActiveByProviderTypeAsync(NewsProviderType)' [D:\Git\NewsAggregator\NewsAggregator.Infrastructure\NewsAggregator.Infrastructure.csproj]
D:\Git\NewsAggregator\NewsAggregator.Infrastructure\News\Services\NewsCategoryService.cs(10,40): error CS0535: 'NewsCategoryService' does not implement interface member 'INewsCategoryService.CreateAsync(string, string, NewsProviderType, string)' [D:\Git\NewsAggregator\NewsAggregator.Infrastructure\NewsAggregator.Infrastructure.csproj]
D:\Git\NewsAggregator\NewsAggregator.Infrastructure\News\Services\NewsCategoryService.cs(10,40): error CS0535: 'NewsCategoryService' does not implement interface member 'INewsCategoryService.UpdateAsync(Guid, string, string, string, bool)' [D:\Git\NewsAggregator\NewsAggregator.Infrastructure\NewsAggregator.Infrastructure.csproj]
D:\Git\NewsAggregator\NewsAggregator.Infrastructure\News\Services\NewsCategoryService.cs(10,40): error CS0738: 'NewsCategoryService' does not implement interface member 'INewsCategoryService.DeleteAsync(Guid)'. 'NewsCategoryService.DeleteAsync(Guid)' cannot implement 'INewsCategoryService.DeleteAsync(Guid)' because it does not have the matching return type of 'Task<bool>'. [D:\Git\NewsAggregator\NewsAggregator.Infrastructure\NewsAggregator.Infrastructure.csproj]
D:\Git\NewsAggregator\NewsAggregator.Infrastructure\TextToSpeech\Storage\MinioAudioStorageProvider.cs(22,26): error CS0246: The type or namespace name 'IMinioClient' could not be found (are you missing a using directive or an assembly reference?) [D:\Git\NewsAggregator\NewsAggregator.Infrastructure\NewsAggregator.Infrastructure.csproj]
D:\Git\NewsAggregator\NewsAggregator.Infrastructure\TextToSpeech\Storage\MinioAudioStorageProvider.cs(307,26): error CS0246: The type or namespace name 'IMinioClient' could not be found (are you missing a using directive or an assembly reference?) [D:\Git\NewsAggregator\NewsAggregator.Infrastructure\NewsAggregator.Infrastructure.csproj]
D:\Git\NewsAggregator\NewsAggregator.Infrastructure\TextToSpeech\Storage\MinioAudioStorageProvider.cs(312,34): error CS0246: The type or namespace name 'IMinioClient' could not be found (are you missing a using directive or an assembly reference?) [D:\Git\NewsAggregator\NewsAggregator.Infrastructure\NewsAggregator.Infrastructure.csproj]
    26 Warning(s)
    23 Error(s)

Time Elapsed 00:00:01.51
